2025-03-24 07:24:00 | INFO | repo=Ehviewer_CN_SXJ | action=commit
2025-08-08 19:46:00 | WARN | repo=Ehviewer_CN_SXJ | action=commit
2025-10-09 10:51:00 | DEBUG | repo=Ehviewer_CN_SXJ | action=test | passed=true
2025-09-10 11:13:00 | INFO | repo=Ehviewer_CN_SXJ | action=pull
2025-02-10 21:25:00 | DEBUG | repo=Ehviewer_CN_SXJ | action=edit | files=1
2025-08-26 15:36:00 | WARN | repo=Ehviewer_CN_SXJ | action=commit
2025-04-19 13:49:00 | WARN | repo=Ehviewer_CN_SXJ | action=commit
2025-10-23 17:45:00 | DEBUG | repo=Ehviewer_CN_SXJ | action=test | passed=true
2025-02-04 08:19:00 | INFO | repo=Ehviewer_CN_SXJ | action=test | passed=true
2025-06-04 17:13:00 | WARN | repo=Ehviewer_CN_SXJ | action=commit
2025-11-12 10:50:00 | DEBUG | repo=Ehviewer_CN_SXJ | action=commit
2025-02-18 18:35:00 | WARN | repo=Ehviewer_CN_SXJ | action=test | passed=true
2025-04-06 13:27:00 | DEBUG | repo=Ehviewer_CN_SXJ | action=commit
2025-01-20 08:31:00 | WARN | repo=Ehviewer_CN_SXJ | action=commit
2025-06-26 12:14:00 | INFO | repo=Ehviewer_CN_SXJ | action=commit
2025-01-22 07:21:00 | INFO | repo=Ehviewer_CN_SXJ | action=commit
2025-09-18 14:59:00 | DEBUG | repo=Ehviewer_CN_SXJ | action=edit | files=5
2025-02-16 14:09:00 | WARN | repo=Ehviewer_CN_SXJ | action=pull
2025-06-16 07:39:00 | WARN | repo=Ehviewer_CN_SXJ | action=edit | files=5
2025-10-02 20:48:00 | INFO | repo=Ehviewer_CN_SXJ | action=commit
2025-05-10 08:33:00 | DEBUG | repo=Ehviewer_CN_SXJ | action=commit
2025-09-10 21:22:00 | DEBUG | repo=Ehviewer_CN_SXJ | action=commit
2025-06-21 10:52:00 | INFO | repo=Ehviewer_CN_SXJ | action=commit
2025-02-06 09:29:00 | DEBUG | repo=Ehviewer_CN_SXJ | action=commit
2025-05-07 18:12:00 | WARN | repo=Ehviewer_CN_SXJ | action=test | passed=true
2025-11-23 14:02:00 | DEBUG | repo=Ehviewer_CN_SXJ | action=commit
2025-04-02 08:38:00 | DEBUG | repo=Ehviewer_CN_SXJ | action=test | passed=true
2025-09-16 12:31:00 | DEBUG | repo=Ehviewer_CN_SXJ | action=commit
2025-06-17 07:15:00 | DEBUG | repo=Ehviewer_CN_SXJ | action=commit
2025-09-25 19:49:00 | INFO | repo=Ehviewer_CN_SXJ | action=commit
2025-05-19 10:21:00 | WARN | repo=Ehviewer_CN_SXJ | action=commit
2025-03-15 21:00:00 | INFO | repo=Ehviewer_CN_SXJ | action=commit
2025-07-16 21:02:00 | INFO | repo=Ehviewer_CN_SXJ | action=commit
2025-08-16 20:49:00 | WARN | repo=Ehviewer_CN_SXJ | action=test | passed=true
2025-05-06 19:50:00 | WARN | repo=Ehviewer_CN_SXJ | action=test | passed=true
2025-12-28 12:05:00 | DEBUG | repo=Ehviewer_CN_SXJ | action=commit
2025-03-24 16:05:00 | DEBUG | repo=Ehviewer_CN_SXJ | action=commit
2025-12-21 18:30:00 | DEBUG | repo=Ehviewer_CN_SXJ | action=commit
2025-08-20 13:10:00 | DEBUG | repo=Ehviewer_CN_SXJ | action=commit
2025-05-27 11:27:00 | DEBUG | repo=Ehviewer_CN_SXJ | action=commit
2025-03-19 10:37:00 | INFO | repo=Ehviewer_CN_SXJ | action=commit
2025-07-12 20:46:00 | INFO | repo=Ehviewer_CN_SXJ | action=commit
2025-05-25 14:32:00 | WARN | repo=Ehviewer_CN_SXJ | action=pull
2025-04-15 19:29:00 | WARN | repo=Ehviewer_CN_SXJ | action=commit
2025-07-25 09:47:00 | INFO | repo=Ehviewer_CN_SXJ | action=commit
2025-11-02 20:52:00 | INFO | repo=Ehviewer_CN_SXJ | action=commit
2025-02-22 21:55:00 | INFO | repo=Ehviewer_CN_SXJ | action=pull
2025-06-08 11:23:00 | INFO | repo=Ehviewer_CN_SXJ | action=commit
2025-11-06 19:28:00 | WARN | repo=Ehviewer_CN_SXJ | action=pull
2025-03-17 12:09:00 | DEBUG | repo=Ehviewer_CN_SXJ | action=commit
2025-09-28 08:12:00 | DEBUG | repo=Ehviewer_CN_SXJ | action=commit
2025-11-18 12:53:00 | DEBUG | repo=Ehviewer_CN_SXJ | action=commit
2025-12-25 20:14:00 | DEBUG | repo=Ehviewer_CN_SXJ | action=commit
2025-07-08 19:41:00 | INFO | repo=Ehviewer_CN_SXJ | action=commit
2025-07-09 18:57:00 | INFO | repo=Ehviewer_CN_SXJ | action=commit
2025-08-20 16:34:00 | INFO | repo=Ehviewer_CN_SXJ | action=test | passed=true
2025-06-02 18:28:00 | INFO | repo=Ehviewer_CN_SXJ | action=commit
2025-07-07 09:43:00 | WARN | repo=Ehviewer_CN_SXJ | action=test | passed=true
2025-06-25 07:37:00 | WARN | repo=Ehviewer_CN_SXJ | action=commit
2025-03-04 08:20:00 | INFO | repo=Ehviewer_CN_SXJ | action=test | passed=true
2025-11-16 14:22:00 | DEBUG | repo=Ehviewer_CN_SXJ | action=commit
2025-06-10 09:21:00 | INFO | repo=Ehviewer_CN_SXJ | action=commit
2025-05-09 08:35:00 | DEBUG | repo=Ehviewer_CN_SXJ | action=commit
2025-09-12 17:52:00 | DEBUG | repo=Ehviewer_CN_SXJ | action=commit
2025-07-17 12:12:00 | INFO | repo=Ehviewer_CN_SXJ | action=commit
2025-09-11 16:05:00 | DEBUG | repo=Ehviewer_CN_SXJ | action=commit
2025-09-21 07:17:00 | INFO | repo=Ehviewer_CN_SXJ | action=test | passed=true
2025-05-08 20:34:00 | WARN | repo=Ehviewer_CN_SXJ | action=commit
2025-07-26 14:14:00 | INFO | repo=Ehviewer_CN_SXJ | action=commit
2025-05-28 18:01:00 | WARN | repo=Ehviewer_CN_SXJ | action=pull
2025-05-04 20:43:00 | DEBUG | repo=Ehviewer_CN_SXJ | action=commit
2025-04-27 20:37:00 | INFO | repo=Ehviewer_CN_SXJ | action=commit
2025-10-13 13:45:00 | DEBUG | repo=Ehviewer_CN_SXJ | action=edit | files=5
2025-04-12 20:47:00 | INFO | repo=Ehviewer_CN_SXJ | action=commit
2025-08-27 08:09:00 | INFO | repo=Ehviewer_CN_SXJ | action=commit
2025-10-08 13:45:00 | WARN | repo=Ehviewer_CN_SXJ | action=commit
2025-03-12 16:06:00 | WARN | repo=Ehviewer_CN_SXJ | action=commit
2025-08-15 16:04:00 | DEBUG | repo=Ehviewer_CN_SXJ | action=commit
2025-08-26 20:21:00 | DEBUG | repo=Ehviewer_CN_SXJ | action=test | passed=true
2025-01-09 09:48:00 | DEBUG | repo=Ehviewer_CN_SXJ | action=commit
2025-07-01 08:01:00 | WARN | repo=Ehviewer_CN_SXJ | action=commit
2025-12-27 20:52:00 | WARN | repo=Ehviewer_CN_SXJ | action=commit
2025-12-02 07:17:00 | INFO | repo=Ehviewer_CN_SXJ | action=test | passed=true
2025-03-15 19:23:00 | INFO | repo=Ehviewer_CN_SXJ | action=pull
2025-08-08 18:47:00 | INFO | repo=Ehviewer_CN_SXJ | action=pull
2025-12-16 15:05:00 | INFO | repo=Ehviewer_CN_SXJ | action=commit
2025-01-13 12:53:00 | WARN | repo=Ehviewer_CN_SXJ | action=commit
2025-10-21 15:34:00 | DEBUG | repo=Ehviewer_CN_SXJ | action=pull
2025-09-19 15:40:00 | INFO | repo=Ehviewer_CN_SXJ | action=edit | files=5
2025-11-15 14:53:00 | WARN | repo=Ehviewer_CN_SXJ | action=commit
2025-01-14 08:30:00 | INFO | repo=Ehviewer_CN_SXJ | action=commit
2025-01-20 16:34:00 | INFO | repo=Ehviewer_CN_SXJ | action=pull
2025-02-28 07:49:00 | INFO | repo=Ehviewer_CN_SXJ | action=pull
2025-03-07 15:05:00 | INFO | repo=Ehviewer_CN_SXJ | action=commit
2025-10-27 19:40:00 | WARN | repo=Ehviewer_CN_SXJ | action=pull
2025-07-27 07:30:00 | DEBUG | repo=Ehviewer_CN_SXJ | action=commit
2025-12-01 16:50:00 | DEBUG | repo=Ehviewer_CN_SXJ | action=edit | files=5
2025-01-05 09:25:00 | INFO | repo=Ehviewer_CN_SXJ | action=commit
2025-06-11 19:15:00 | WARN | repo=Ehviewer_CN_SXJ | action=commit
2025-05-03 18:41:00 | WARN | repo=Ehviewer_CN_SXJ | action=commit
2025-01-13 11:05:00 | WARN | repo=Ehviewer_CN_SXJ | action=commit
2025-03-22 11:25:00 | DEBUG | repo=Ehviewer_CN_SXJ | action=commit
2025-05-20 11:15:00 | DEBUG | repo=Ehviewer_CN_SXJ | action=pull
2025-09-15 14:13:00 | DEBUG | repo=Ehviewer_CN_SXJ | action=commit
2025-09-24 08:11:00 | WARN | repo=Ehviewer_CN_SXJ | action=commit
2025-05-18 08:10:00 | INFO | repo=Ehviewer_CN_SXJ | action=commit
2025-04-07 08:40:00 | INFO | repo=Ehviewer_CN_SXJ | action=edit | files=1
2025-04-22 10:59:00 | DEBUG | repo=Ehviewer_CN_SXJ | action=pull
2025-07-16 14:43:00 | DEBUG | repo=Ehviewer_CN_SXJ | action=test | passed=true
2025-09-13 08:45:00 | INFO | repo=Ehviewer_CN_SXJ | action=test | passed=true
2025-07-13 12:43:00 | WARN | repo=Ehviewer_CN_SXJ | action=test | passed=true
2025-05-26 17:51:00 | INFO | repo=Ehviewer_CN_SXJ | action=commit
2025-02-16 08:41:00 | WARN | repo=Ehviewer_CN_SXJ | action=commit
2025-05-27 19:51:00 | DEBUG | repo=Ehviewer_CN_SXJ | action=commit
2025-09-05 19:38:00 | WARN | repo=Ehviewer_CN_SXJ | action=pull
2025-03-12 15:05:00 | WARN | repo=Ehviewer_CN_SXJ | action=commit
2025-06-08 17:51:00 | INFO | repo=Ehviewer_CN_SXJ | action=commit
2025-04-28 16:57:00 | DEBUG | repo=Ehviewer_CN_SXJ | action=edit | files=2
2025-03-01 11:21:00 | WARN | repo=Ehviewer_CN_SXJ | action=commit
2025-11-18 15:38:00 | INFO | repo=Ehviewer_CN_SXJ | action=commit
2025-11-23 08:04:00 | WARN | repo=Ehviewer_CN_SXJ | action=pull
2025-04-02 09:23:00 | INFO | repo=Ehviewer_CN_SXJ | action=test | passed=true
2025-12-09 19:40:00 | WARN | repo=Ehviewer_CN_SXJ | action=commit
2025-02-22 09:19:00 | WARN | repo=Ehviewer_CN_SXJ | action=commit
2025-11-25 11:41:00 | DEBUG | repo=Ehviewer_CN_SXJ | action=commit
2025-04-12 10:47:00 | INFO | repo=Ehviewer_CN_SXJ | action=commit
2025-12-21 17:56:00 | WARN | repo=Ehviewer_CN_SXJ | action=pull
2025-12-10 16:06:00 | DEBUG | repo=Ehviewer_CN_SXJ | action=commit
2025-05-01 16:07:00 | WARN | repo=Ehviewer_CN_SXJ | action=pull
2025-07-23 21:42:00 | DEBUG | repo=Ehviewer_CN_SXJ | action=pull
2025-09-20 15:24:00 | WARN | repo=Ehviewer_CN_SXJ | action=pull
2025-08-20 13:58:00 | INFO | repo=Ehviewer_CN_SXJ | action=test | passed=true
2025-08-19 07:19:00 | INFO | repo=Ehviewer_CN_SXJ | action=commit
2025-01-09 08:57:00 | INFO | repo=Ehviewer_CN_SXJ | action=test | passed=true
2025-02-25 12:50:00 | WARN | repo=Ehviewer_CN_SXJ | action=commit
2025-06-05 08:06:00 | INFO | repo=Ehviewer_CN_SXJ | action=pull
2025-01-20 16:32:00 | INFO | repo=Ehviewer_CN_SXJ | action=commit
2025-10-02 20:04:00 | DEBUG | repo=Ehviewer_CN_SXJ | action=commit
2025-10-19 19:24:00 | WARN | repo=Ehviewer_CN_SXJ | action=test | passed=true
2025-10-05 09:39:00 | INFO | repo=Ehviewer_CN_SXJ | action=edit | files=4
2025-01-23 21:48:00 | WARN | repo=Ehviewer_CN_SXJ | action=commit
2025-02-01 21:58:00 | WARN | repo=Ehviewer_CN_SXJ | action=edit | files=5
2025-11-05 17:03:00 | DEBUG | repo=Ehviewer_CN_SXJ | action=commit
2025-03-15 07:40:00 | INFO | repo=Ehviewer_CN_SXJ | action=edit | files=1
2025-05-20 18:46:00 | WARN | repo=Ehviewer_CN_SXJ | action=test | passed=true
2025-03-02 08:34:00 | WARN | repo=Ehviewer_CN_SXJ | action=commit
2025-07-04 10:18:00 | INFO | repo=Ehviewer_CN_SXJ | action=edit | files=4
2025-12-12 12:18:00 | WARN | repo=Ehviewer_CN_SXJ | action=commit
2025-01-26 21:02:00 | DEBUG | repo=Ehviewer_CN_SXJ | action=test | passed=true
2025-04-18 20:18:00 | WARN | repo=Ehviewer_CN_SXJ | action=commit
2025-03-15 08:39:00 | INFO | repo=Ehviewer_CN_SXJ | action=commit
2025-10-11 12:05:00 | WARN | repo=Ehviewer_CN_SXJ | action=commit
2025-03-23 09:37:00 | INFO | repo=Ehviewer_CN_SXJ | action=commit
2025-05-15 11:23:00 | DEBUG | repo=Ehviewer_CN_SXJ | action=edit | files=2
2025-10-20 17:45:00 | WARN | repo=Ehviewer_CN_SXJ | action=commit
2025-08-22 15:43:00 | INFO | repo=Ehviewer_CN_SXJ | action=commit
2025-06-21 10:37:00 | DEBUG | repo=Ehviewer_CN_SXJ | action=commit
2025-06-08 09:21:00 | INFO | repo=Ehviewer_CN_SXJ | action=commit
2025-04-12 12:45:00 | INFO | repo=Ehviewer_CN_SXJ | action=commit
2025-01-18 18:11:00 | WARN | repo=Ehviewer_CN_SXJ | action=pull
2025-03-16 21:16:00 | INFO | repo=Ehviewer_CN_SXJ | action=commit
2025-11-02 20:54:00 | WARN | repo=Ehviewer_CN_SXJ | action=commit
2025-08-27 19:43:00 | WARN | repo=Ehviewer_CN_SXJ | action=commit
2025-10-08 18:16:00 | WARN | repo=Ehviewer_CN_SXJ | action=commit
2025-03-19 19:43:00 | INFO | repo=Ehviewer_CN_SXJ | action=commit
2025-07-22 07:18:00 | DEBUG | repo=Ehviewer_CN_SXJ | action=commit
2025-07-01 18:06:00 | INFO | repo=Ehviewer_CN_SXJ | action=commit
2025-08-26 12:24:00 | DEBUG | repo=Ehviewer_CN_SXJ | action=commit
2025-05-12 15:59:00 | INFO | repo=Ehviewer_CN_SXJ | action=commit
2025-10-05 07:33:00 | WARN | repo=Ehviewer_CN_SXJ | action=commit
2025-05-02 21:35:00 | WARN | repo=Ehviewer_CN_SXJ | action=commit
2025-03-20 12:29:00 | DEBUG | repo=Ehviewer_CN_SXJ | action=pull
2025-06-22 20:08:00 | WARN | repo=Ehviewer_CN_SXJ | action=pull
2025-11-12 08:35:00 | WARN | repo=Ehviewer_CN_SXJ | action=commit
2025-02-04 11:44:00 | DEBUG | repo=Ehviewer_CN_SXJ | action=commit
2025-06-17 12:45:00 | INFO | repo=Ehviewer_CN_SXJ | action=commit
2025-08-01 07:18:00 | INFO | repo=Ehviewer_CN_SXJ | action=edit | files=4
2025-01-28 21:35:00 | INFO | repo=Ehviewer_CN_SXJ | action=pull
2025-08-16 08:36:00 | DEBUG | repo=Ehviewer_CN_SXJ | action=commit
2025-08-01 20:04:00 | WARN | repo=Ehviewer_CN_SXJ | action=commit
2025-10-17 18:21:00 | WARN | repo=Ehviewer_CN_SXJ | action=pull
2025-04-06 21:55:00 | DEBUG | repo=Ehviewer_CN_SXJ | action=commit
2025-01-07 20:34:00 | DEBUG | repo=Ehviewer_CN_SXJ | action=commit
2025-02-14 17:32:00 | WARN | repo=Ehviewer_CN_SXJ | action=commit
2025-01-09 16:00:00 | INFO | repo=Ehviewer_CN_SXJ | action=commit
2025-09-09 10:55:00 | DEBUG | repo=Ehviewer_CN_SXJ | action=commit
2025-06-22 08:42:00 | DEBUG | repo=Ehviewer_CN_SXJ | action=commit
2025-03-19 09:49:00 | INFO | repo=Ehviewer_CN_SXJ | action=pull
2025-02-21 19:27:00 | WARN | repo=Ehviewer_CN_SXJ | action=commit
2025-11-24 19:09:00 | INFO | repo=Ehviewer_CN_SXJ | action=commit
2025-06-24 11:47:00 | WARN | repo=Ehviewer_CN_SXJ | action=commit
2025-06-27 15:38:00 | DEBUG | repo=Ehviewer_CN_SXJ | action=commit
2025-06-14 07:46:00 | WARN | repo=Ehviewer_CN_SXJ | action=commit
2025-01-27 20:21:00 | WARN | repo=Ehviewer_CN_SXJ | action=commit
2025-01-08 08:29:00 | INFO | repo=Ehviewer_CN_SXJ | action=commit
2025-10-09 19:20:00 | DEBUG | repo=Ehviewer_CN_SXJ | action=commit
2025-07-18 17:19:00 | DEBUG | repo=Ehviewer_CN_SXJ | action=commit
2025-11-19 18:49:00 | DEBUG | repo=Ehviewer_CN_SXJ | action=commit
2025-06-28 18:24:00 | WARN | repo=Ehviewer_CN_SXJ | action=commit
2025-12-25 08:45:00 | DEBUG | repo=Ehviewer_CN_SXJ | action=commit
2025-03-24 10:35:00 | WARN | repo=Ehviewer_CN_SXJ | action=commit
2025-08-07 18:01:00 | DEBUG | repo=Ehviewer_CN_SXJ | action=pull
2025-10-21 19:20:00 | DEBUG | repo=Ehviewer_CN_SXJ | action=commit
2025-08-08 10:08:00 | INFO | repo=Ehviewer_CN_SXJ | action=commit
2025-09-06 08:34:00 | INFO | repo=Ehviewer_CN_SXJ | action=commit
2025-04-20 08:34:00 | DEBUG | repo=Ehviewer_CN_SXJ | action=pull
2025-08-20 19:19:00 | WARN | repo=Ehviewer_CN_SXJ | action=commit
